// Jest Snapshot v1, https://goo.gl/fbAQLP

exports[`HomeScreen should show HomeScreen 1`] = `
<div>
  <h1>
    HomeScreen
  </h1>
  <hr />
  <pre>
    {
   "name": "nameXD",
   "email": "email@email.com"
}
  </pre>
</div>
`;
