// Jest Snapshot v1, https://goo.gl/fbAQLP

exports[`RealExempleRef.js should show RealExempleRef 1`] = `
<div>
  <h1>
    RealExempleRef
  </h1>
  <hr />
  <button
    className="btn btn-primary mt-5"
    onClick={[Function]}
  >
    SHow/Hide
  </button>
</div>
`;
