// Jest Snapshot v1, https://goo.gl/fbAQLP

exports[`HookApp.js should show HookApp 1`] = `
<div>
  <h1>
    HookApp
  </h1>
</div>
`;
