// Jest Snapshot v1, https://goo.gl/fbAQLP

exports[`TodoApp.js should show TodoApp 1`] = `
<div>
  <h1>
    TodoApp (
    0
    )
  </h1>
  <hr />
  <div
    className="row"
  >
    <div
      className="col-7"
    >
      <TodoList
        handleDeleteTodo={[Function]}
        handleToggleTodo={[Function]}
        todos={Array []}
      />
    </div>
    <div
      className="col-5"
    >
      <TodoAdd
        handleAddTodo={[Function]}
      />
    </div>
  </div>
</div>
`;
