// Jest Snapshot v1, https://goo.gl/fbAQLP

exports[`TodoList.js should show TodoList 1`] = `
<ul
  className="list-group list-group-flush"
>
  <TodoListItem
    handleDeleteTodo={[MockFunction]}
    handleToggleTodo={[MockFunction]}
    index={0}
    key="1"
    todo={
      Object {
        "desc": "todo1",
        "done": false,
        "id": 1,
      }
    }
  />
  <TodoListItem
    handleDeleteTodo={[MockFunction]}
    handleToggleTodo={[MockFunction]}
    index={1}
    key="2"
    todo={
      Object {
        "desc": "todo2",
        "done": false,
        "id": 2,
      }
    }
  />
</ul>
`;
